16:34:40 **** Incremental Build of configuration Debug for project Display_Fast_mode2 ****
make -j6 all 
arm-none-eabi-gcc "../Core/Src/main.c" -mcpu=cortex-m3 -std=gnu11 -g3 -DDEBUG -DUSE_HAL_DRIVER -DSTM32F103xB -c -I../Core/Inc -I../Drivers/STM32F1xx_HAL_Driver/Inc -I../Drivers/STM32F1xx_HAL_Driver/Inc/Legacy -I../Drivers/CMSIS/Device/ST/STM32F1xx/Include -I../Drivers/CMSIS/Include -O0 -ffunction-sections -fdata-sections -Wall -fstack-usage -fcyclomatic-complexity -MMD -MP -MF"Core/Src/main.d" -MT"Core/Src/main.o" --specs=nano.specs -mfloat-abi=soft -mthumb -o "Core/Src/main.o"
arm-none-eabi-gcc -o "Display_Fast_mode2.elf" @"objects.list"   -mcpu=cortex-m3 -T"C:\Users\VirtWin10\STM32CubeIDE\workspace_1.18.1\Display_Fast_mode2\STM32F103C8TX_FLASH.ld" --specs=nosys.specs -Wl,-Map="Display_Fast_mode2.map" -Wl,--gc-sections -static --specs=nano.specs -mfloat-abi=soft -mthumb -Wl,--start-group -lc -lm -Wl,--end-group
Finished building target: Display_Fast_mode2.elf
 
arm-none-eabi-size  Display_Fast_mode2.elf 
arm-none-eabi-objdump -h -S Display_Fast_mode2.elf  > "Display_Fast_mode2.list"
arm-none-eabi-objcopy  -O ihex Display_Fast_mode2.elf  "Display_Fast_mode2.hex"
   text	   data	    bss	    dec	    hex	filename
   7904	     12	   2172	  10088	   2768	Display_Fast_mode2.elf
arm-none-eabi-objcopy  -O binary Display_Fast_mode2.elf  "Display_Fast_mode2.bin"
Finished building: default.size.stdout
 
Finished building: Display_Fast_mode2.bin
Finished building: Display_Fast_mode2.hex
 
 
Finished building: Display_Fast_mode2.list
 

16:34:41 Build Finished. 0 errors, 0 warnings. (took 972ms)

