11:10:05 **** Incremental Build of configuration Debug for project Display_LF ****
make -j12 all 
arm-none-eabi-gcc "../Core/Src/ssd1306.c" -mcpu=cortex-m3 -std=gnu11 -g3 -DDEBUG -DUSE_HAL_DRIVER -DSTM32F103xB -c -I../Core/Inc -I../Drivers/STM32F1xx_HAL_Driver/Inc -I../Drivers/STM32F1xx_HAL_Driver/Inc/Legacy -I../Drivers/CMSIS/Device/ST/STM32F1xx/Include -I../Drivers/CMSIS/Include -O0 -ffunction-sections -fdata-sections -Wall -fstack-usage -fcyclomatic-complexity -MMD -MP -MF"Core/Src/ssd1306.d" -MT"Core/Src/ssd1306.o" --specs=nano.specs -mfloat-abi=soft -mthumb -o "Core/Src/ssd1306.o"
arm-none-eabi-gcc -o "Display_LF.elf" @"objects.list"   -mcpu=cortex-m3 -T"C:\Users\VirtWin10\Desktop\Display_LF\STM32F103C8TX_FLASH.ld" --specs=nosys.specs -Wl,-Map="Display_LF.map" -Wl,--gc-sections -static --specs=nano.specs -mfloat-abi=soft -mthumb -Wl,--start-group -lc -lm -Wl,--end-group
Finished building target: Display_LF.elf
 
arm-none-eabi-size  Display_LF.elf 
arm-none-eabi-objdump -h -S Display_LF.elf  > "Display_LF.list"
arm-none-eabi-objcopy  -O ihex Display_LF.elf  "Display_LF.hex"
   text	   data	    bss	    dec	    hex	filename
  18656	     28	   2684	  21368	   5378	Display_LF.elf
arm-none-eabi-objcopy  -O binary Display_LF.elf  "Display_LF.bin"
Finished building: default.size.stdout
 
Finished building: Display_LF.hex
Finished building: Display_LF.bin
 
 
Finished building: Display_LF.list
 

11:10:12 Build Finished. 0 errors, 0 warnings. (took 6s.970ms)

